// Vitest Snapshot v1, https://vitest.dev/guide/snapshot.html

exports[`contract: Facade export surface snapshot > @nanairo-sheet/grid の公開 value surface 1`] = `
[
  "GRID_API_VERSION",
  "GRID_CONFLICT_CODES",
  "GRID_ERROR_CODES",
  "mount",
]
`;

exports[`contract: Facade export surface snapshot > @nanairo-sheet/react の公開 value surface 1`] = `
[
  "NanairoSheetView",
  "REACT_API_VERSION",
]
`;

exports[`contract: Facade export surface snapshot > @nanairo-sheet/server-hono の公開 value surface 1`] = `
[
  "SERVER_HONO_API_VERSION",
  "serve",
]
`;

exports[`contract: Facade 公開 .d.ts snapshot（型シグネチャ全文・DD-028 S2-3） > @nanairo-sheet/grid の公開宣言 closure 1`] = `
"// ==== packages/grid/src/index.ts ====
export { GRID_ERROR_CODES, GRID_CONFLICT_CODES } from './error-codes';
export type { GridErrorCode, GridConflictCode } from './error-codes';
export type { GridDiagnostic, GridDiagnosticLevel, GridDiagnosticHook } from './diagnostics';
import type { GridConflictCode, GridErrorCode } from './error-codes';
import type { GridDiagnosticHook } from './diagnostics';
/**
 * 接続状態（consumer 表示用）。内部 collab の ConnectionState を写像した公開型（型は再exportしない）。
 * \`'standalone'\` は単独グリッドモード（DD-024・共同編集サーバー非接続）で常に返る値。\`'offline'\` は
 * 「一時切断（再接続中）」を含意するため、恒常的に非接続な単独モードとは区別する。
 */
export type GridConnectionState = 'online' | 'offline' | 'stopped' | 'standalone';
/** reject（競合）の理由。内部 collab の ConflictReason を写像した公開型。 */
export type GridConflictReason = 'rejected' | 'revalidation-failed' | 'dependency';
/**
 * 競合の公開サマリ（R7: 内部 ConflictQueueEntry の DocumentOperation/OperationViolation/RejectDetails は露出しない）。
 * Alpha は「競合の通知」を保証し、プログラム的な競合解決 UI の材料公開は Stage 2。
 */
export interface GridConflict {
    /** 競合したローカル Operation の ID（文字列化）。 */
    readonly operationId: string;
    /** 競合理由。 */
    readonly reason: GridConflictReason;
    /**
     * 安定した公開競合コード（内部 RejectCode を素通しせず公開語彙へ写像＝R7）。未知/未写像は 'unknown'。
     * 一覧は doc/DD/DD-017/error-codes.md を参照（GRID_CONFLICT_CODES）。
     */
    readonly code: GridConflictCode;
}
/**
 * grid が発火する公開イベント（lifecycle 契約: connection state・error notification）。
 * 内部 SessionEvent（connection/pending/rejected/divergence）を写像し、boot/transport 例外を error として整形する。
 */
export type GridEvent = {
    readonly type: 'connection';
    readonly state: GridConnectionState;
    readonly pendingCount: number;
} | {
    readonly type: 'pending';
    readonly pendingCount: number;
} | {
    readonly type: 'rejected';
    readonly pendingCount: number;
    readonly conflict: GridConflict;
} | {
    readonly type: 'divergence';
    readonly serverRevision: number;
    readonly committedRevision: number;
} | {
    readonly type: 'error';
    readonly phase: 'config' | 'connect' | 'runtime';
    /** 安定した公開エラーコード（一覧は doc/DD/DD-017/error-codes.md＝GRID_ERROR_CODES）。 */
    readonly code: GridErrorCode;
    readonly message: string;
}
/**
 * レイアウト（列幅・行高）変更の確定通知（Experimental 0.x・DD-012-4 D2）。ヘッダー境界ドラッグの確定時
 * （pointerup）に発火する。columnWidths/rowHeights は **既定値と異なる列/行だけ**を含む（override のみ）。
 * 設定は view-local（他ユーザーへ即時同期しない）。利用側がこれを保存し、次回 mount の columnWidths/rowHeights へ
 * 渡せば F5 リロードで復元できる（共有保存にすれば他ユーザーへも反映）。キーは ColumnId/RowId 文字列。
 */
 | {
    readonly type: 'layout';
    readonly columnWidths: Record<string, number>;
    readonly rowHeights: Record<string, number>;
}
/**
 * 確定値の通知（Experimental 0.x・DD-024・**単独グリッドモード専用**）。IME 確定・Delete 等で committed に
 * なった値変更を 1 確定操作 = 1 イベント（SetCells の batch 単位）で通知する。**通知のみ**（grid は書き戻さない・
 * 決定②）。利用側がこれを受けて認証・保存を行い（責務境界＝roadmap §6）、保存失敗時は \`setData\` 再注入で
 * 見た目を戻す。共同編集モードでは発火しない（確定は既存の pending/connection 経路）。
 */
 | {
    readonly type: 'cell-commit';
    readonly changes: readonly GridCellCommitChange[];
};
/** cell-commit の 1 セル変更（DD-024）。value/previousValue は表示文字列（内部 CellScalar は露出しない・R7）。 */
export interface GridCellCommitChange {
    readonly rowId: string;
    readonly columnId: string;
    /** 確定後の表示文字列。 */
    readonly value: string;
    /** 確定前の表示文字列。 */
    readonly previousValue: string;
}
export type GridEventListener = (event: GridEvent) => void;
/** 単独グリッドモードの 1 行（DD-024）。cells は ColumnId 文字列→値文字列（未指定列は空セル）。 */
export interface GridStandaloneRow {
    readonly rowId: string;
    readonly cells?: Readonly<Record<string, string>>;
}
/**
 * 単独グリッドモードの初期/再注入データ（DD-024・決定③）。rows は表示順。値は文字列で渡し、内部で
 * parseCellInput により CellScalar（数値/日付/文字列）へ解釈される（cell-commit の value と round-trip する）。
 */
export interface GridStandaloneData {
    readonly rows: readonly GridStandaloneRow[];
}
/** grid をマウントする DOM ターゲット（Facade が container 内部に Canvas/scroller/textarea を構築する）。 */
export interface GridMountTarget {
    readonly container: HTMLElement;
}
/**
 * 両モード共通の mount オプション（Experimental 0.x）。共同編集・単独グリッドの双方で使える描画/購読系。
 */
export interface GridCommonMountOptions {
    /**
     * 初期の列幅 override（ColumnId 文字列→px・Experimental 0.x・DD-012-4 D2）。利用側が保存した設定を
     * 渡すと初期表示がその幅になる（F5 リロードでの復元手段）。既定値でよい列は含めない。
     */
    readonly columnWidths?: Readonly<Record<string, number>>;
    /** 初期の行高 override（RowId 文字列→px・Experimental 0.x・DD-012-4 D2）。 */
    readonly rowHeights?: Readonly<Record<string, number>>;
    /**
     * 折り返し（wrap）列（ColumnId 文字列の配列・Experimental 0.x・DD-012-5 D1）。指定列のセルは
     * はみ出さずセル内で折り返し表示され、折り返しで収まらない行は必要な高さへ自動拡張される（Excel 風・自動行高）。
     * 未指定（既定）の列は、左寄せ文字列が右隣の連続空セルへはみ出して表示される（オーバーフロー・描画のみ）。
     * mount 時に固定（実行時切替は Stage 2）。キーは ColumnId 文字列。
     */
    readonly wrapColumns?: readonly string[];
    /** 初期イベント購読（mount 直後の connection/error/cell-commit を取りこぼさない）。 */
    readonly onEvent?: GridEventListener;
    /**
     * 診断ログ hook（opt-in・既定無出力）。指定すると boot/接続/競合/破棄などの診断エントリが配信される。
     * 未指定なら診断は生成されない（性能影響なし）。障害切り分け用で GridEvent（consumer 契約）とは別系統。
     */
    readonly onDiagnostic?: GridDiagnosticHook;
}
/** 共同編集モードの mount オプション（Experimental 0.x）。\`mode\` 省略時は共同編集（後方互換）。 */
export interface GridCollaborationMountOptions extends GridCommonMountOptions {
    /** モード判別子。省略可（既定＝共同編集）。 */
    readonly mode?: 'collaboration';
    /** 同期サーバーの HTTP オリジン（例 'http://127.0.0.1:8787'）。ws URL・/config はここから導出する。 */
    readonly serverUrl: string;
    /** 編集対象ドキュメント ID。未指定なら /config の documentId を使う。 */
    readonly documentId?: string;
    /** 列順。未指定なら serverUrl の /config から取得する（server-hono と対で運用・D1）。 */
    readonly columnOrder?: readonly string[];
    /** Presence 表示名。未指定なら匿名生成する。 */
    readonly displayName?: string;
    /** 再接続で不変のクライアント ID。未指定なら生成する（crypto.randomUUID）。 */
    readonly clientId?: string;
}
/**
 * 単独グリッドモードの mount オプション（Experimental 0.x・DD-024）。共同編集サーバー無しで mount する。
 * \`serverUrl\`/\`displayName\`/\`clientId\` は宣言しない（型で排他・混在指定はリテラルでコンパイルエラー、
 * JS 経路は config error で fail-fast）。認証・保存の責務は全面的に利用側アプリ（roadmap §6）。
 */
export interface GridStandaloneMountOptions extends GridCommonMountOptions {
    /** モード判別子（必須）。 */
    readonly mode: 'standalone';
    /** 列順（必須。/config が無いので利用側が与える）。 */
    readonly columnOrder: readonly string[];
    /** 編集対象ドキュメント ID（任意・表示/識別用）。 */
    readonly documentId?: string;
    /** mount 時の静的初期データ（決定③）。mount 後の再注入は GridInstance.setData。 */
    readonly initialData?: GridStandaloneData;
}
/**
 * mount 時オプション（Experimental 0.x）。\`mode\` を判別子とする union（DD-024・決定①）。
 * 既存 consumer（\`{ serverUrl }\`・mode 省略）は共同編集変種として引き続き成立する（後方互換）。
 */
export type GridMountOptions = GridCollaborationMountOptions | GridStandaloneMountOptions;
/** mount が返すハンドル（consumer lifecycle 契約）。 */
export interface GridInstance {
    /** 編集対象ドキュメント ID（/config 解決後に確定。未解決時は options.documentId ?? ''）。 */
    readonly documentId: string;
    /** 現在の接続状態。 */
    connectionState(): GridConnectionState;
    /** イベント購読。返り値の関数で解除（unsubscribe）する。 */
    subscribe(listener: GridEventListener): () => void;
    /** グリッドへフォーカスする（入力受け口の常駐 textarea へ）。 */
    focus(): void;
    /**
     * 単独グリッドモード（DD-024・決定③）で文書を丸ごと再注入する（react-query 等の非同期取得・保存失敗時の
     * 見た目復元に使う）。共同編集モードで呼ぶと no-op（診断 warn を出す）。編集中に呼ぶと編集対象行が
     * 差し替わりうる（利用側は編集完了後の再注入を推奨）。
     */
    setData(data: GridStandaloneData): void;
    /** グリッドを破棄し DOM/listener/RAF/WS/canvas/textarea を解放する（再mountで leak しない）。 */
    destroy(): void;
}
/** 公開 API バージョン（Experimental 0.x・ADR-0015。破壊的変更は CHANGELOG=DD-017 で記録）。 */
export declare const GRID_API_VERSION: "0.1.0-experimental";
/**
 * Canvas グリッドを container へマウントする。同期 return（boot＝/config 取得・WS 接続は内部で非同期進行し、
 * 進捗・失敗は GridEvent で通知する）。destroy() は boot 進行中に呼んでも安全。
 */
export declare function mount(target: GridMountTarget, options: GridMountOptions): GridInstance;

// ==== packages/grid/src/diagnostics.ts ====
/** 診断エントリの重大度。 */
export type GridDiagnosticLevel = 'debug' | 'info' | 'warn' | 'error';
/** 診断エントリ（debug hook opt-in 時のみ生成）。 */
export interface GridDiagnostic {
    readonly level: GridDiagnosticLevel;
    /** 安定した診断イベント識別子（例 'boot-start' / 'config-resolved' / 'connection'）。 */
    readonly code: string;
    readonly message: string;
    /** epoch ms（生成時刻）。 */
    readonly timestamp: number;
}
/** 診断ログの購読口（consumer が opt-in する）。 */
export type GridDiagnosticHook = (entry: GridDiagnostic) => void;
/** 診断エントリの生成・配信口。hook 未指定なら emit は完全な no-op（entry を作らない）。 */
export interface DiagnosticSink {
    /** hook が指定されているか（呼び出し側が重い診断組み立てを条件分岐するのに使える）。 */
    readonly enabled: boolean;
    emit(level: GridDiagnosticLevel, code: string, message: string): void;
}
/**
 * onDiagnostic hook から DiagnosticSink を作る。hook 未指定時は emit が何もしない（既定無出力・now も呼ばない）。
 * hook が例外を投げても本体の mount 動作を壊さない（診断の失敗を握りつぶす）。
 */
export declare function createDiagnosticSink(hook: GridDiagnosticHook | undefined, now?: () => number): DiagnosticSink;

// ==== packages/grid/src/error-codes.ts ====
/** error イベント（boot/transport 失敗）の安定コード。phase と対で consumer の障害切り分けに使う。 */
export declare const GRID_ERROR_CODES: readonly ["config-unavailable", "config-invalid", "connect-failed", "runtime-fault", "standalone-options-conflict", "standalone-options-invalid"];
export type GridErrorCode = (typeof GRID_ERROR_CODES)[number];
/**
 * rejected イベントの安定コード。server 競合（内部 RejectCode / ConflictReason の写像）に加え、
 * クライアントが submit 前に拒否する実行前検査（range-too-large 等・DD-020-1）も同じ語彙で通知する
 * （実行前拒否は operationId が空文字＝submit されていない）。
 */
export declare const GRID_CONFLICT_CODES: readonly ["cell-conflict", "row-unavailable", "column-unavailable", "revision-stale", "sequence-violation", "duplicate-row", "revalidation-failed", "dependency", "range-too-large", "paste-too-large", "paste-out-of-bounds", "undo-blocked", "redo-blocked", "unknown"];
export type GridConflictCode = (typeof GRID_CONFLICT_CODES)[number];
/**
 * boot 失敗を error phase の公開 code 付きで伝える内部エラー。mount-controller の boot が throw し、
 * 呼び出し側が code を error イベントへ載せる（内部 message 文字列からの脆い判定を避ける）。
 */
export declare class GridBootError extends Error {
    readonly code: GridErrorCode;
    constructor(code: GridErrorCode, message: string);
}
/**
 * 内部 ConflictReason（'rejected' | 'revalidation-failed' | 'dependency'）と server RejectCode 文字列を
 * 公開 GridConflictCode へ写像する。未知 RejectCode は 'unknown'（前方互換）。
 */
export declare function toGridConflictCode(reason: string, rawCode: string | undefined): GridConflictCode;
"
`;

exports[`contract: Facade 公開 .d.ts snapshot（型シグネチャ全文・DD-028 S2-3） > @nanairo-sheet/react の公開宣言 closure 1`] = `
"// ==== packages/react/src/index.ts ====
import { type CSSProperties } from 'react';
import { type GridCellCommitChange, type GridConnectionState, type GridDiagnosticHook, type GridErrorCode, type GridEvent, type GridStandaloneData } from '@nanairo-sheet/grid';
/** 公開 API バージョン（Experimental 0.x・ADR-0015。grid の GRID_API_VERSION と対で版数表記する）。 */
export declare const REACT_API_VERSION: "0.1.0-experimental";
/** error callback へ渡す整形済みエラー（GridEvent 'error' の写像・R7: 内部型を出さない）。 */
export interface NanairoSheetViewError {
    readonly phase: 'config' | 'connect' | 'runtime';
    readonly code: GridErrorCode;
    readonly message: string;
}
/** 両モード共通 props（初期値系＋識別系の一部＋callback 系＋DOM ホスト）。 */
export interface NanairoSheetViewCommonProps {
    /** 初期の列幅 override（grid columnWidths へ写像。初回 mount のみ）。 */
    readonly initialColumnWidths?: Readonly<Record<string, number>>;
    /** 初期の行高 override（grid rowHeights へ写像。初回 mount のみ）。 */
    readonly initialRowHeights?: Readonly<Record<string, number>>;
    /** 折り返し列（grid wrapColumns。mount 固定＝変更で remount）。 */
    readonly wrapColumns?: readonly string[];
    /** ドキュメント ID（識別系）。 */
    readonly documentId?: string;
    /** セル確定通知（GridEvent 'cell-commit' の写像）。 */
    readonly onCellCommit?: (changes: readonly GridCellCommitChange[]) => void;
    /** レイアウト確定通知（GridEvent 'layout' の写像）。 */
    readonly onLayout?: (columnWidths: Record<string, number>, rowHeights: Record<string, number>) => void;
    /** 接続状態変化（GridEvent 'connection'/'pending' の写像・collaboration のみ発火）。 */
    readonly onConnectionChange?: (state: GridConnectionState, pendingCount: number) => void;
    /** エラー通知（GridEvent 'error' の写像）。 */
    readonly onError?: (error: NanairoSheetViewError) => void;
    /** 全 GridEvent の素通し（診断・将来種別・rejected/divergence 用）。 */
    readonly onEvent?: (event: GridEvent) => void;
    /** grid 診断 hook（opt-in・grid onDiagnostic へ直結）。 */
    readonly onDiagnostic?: GridDiagnosticHook;
    readonly className?: string;
    readonly style?: CSSProperties;
}
/** 単独グリッドモード props（DD-024 standalone）。serverUrl/displayName/clientId を宣言しない（型排他）。 */
export interface NanairoSheetViewStandaloneProps extends NanairoSheetViewCommonProps {
    readonly mode: 'standalone';
    /** 列順（必須・識別系）。 */
    readonly columnOrder: readonly string[];
    /** 初期データ（初回 mount のみ・再注入は ref.setData）。 */
    readonly initialData?: GridStandaloneData;
}
/** 共同編集モード props（mode 省略時は既定 collaboration・後方互換）。 */
export interface NanairoSheetViewCollaborationProps extends NanairoSheetViewCommonProps {
    readonly mode?: 'collaboration';
    /** 同期サーバー origin（必須・識別系）。 */
    readonly serverUrl: string;
    /** 列順（省略時は /config 取得・識別系）。 */
    readonly columnOrder?: readonly string[];
    /** Presence 表示名（識別系）。 */
    readonly displayName?: string;
    /** 再接続で不変のクライアント ID（識別系）。 */
    readonly clientId?: string;
}
/** <NanairoSheetView> props（mode 判別 union・契約 §1 案a）。 */
export type NanairoSheetViewProps = NanairoSheetViewStandaloneProps | NanairoSheetViewCollaborationProps;
/** ref handle（命令 API・契約 §3 案a）。GridInstance 本体は出さない。 */
export interface NanairoSheetViewHandle {
    /** 単独グリッドモードの文書丸ごと再注入（grid GridInstance.setData 直結。collab は grid 側で no-op+warn）。 */
    setData(data: GridStandaloneData): void;
    /** グリッドへフォーカス（常駐 textarea）。 */
    focus(): void;
    /** 現在の接続状態（未 mount 時は 'stopped'）。 */
    connectionState(): GridConnectionState;
}
/**
 * Nanairo Sheet を React から使うコンポーネント（憲章 §11.2）。lifecycle と props/event 変換のみを担当し、
 * グリッド内部状態を React state へ複製しない。命令操作（再注入/focus）は ref（NanairoSheetViewHandle）。
 */
export declare const NanairoSheetView: import("react").ForwardRefExoticComponent<NanairoSheetViewProps & import("react").RefAttributes<NanairoSheetViewHandle>>;
"
`;

exports[`contract: Facade 公開 .d.ts snapshot（型シグネチャ全文・DD-028 S2-3） > @nanairo-sheet/server-hono の公開宣言 closure 1`] = `
"// ==== packages/server-hono/src/index.ts ====
/** 診断エントリの重大度（server-hono 診断 hook）。 */
export type ServeDiagnosticLevel = 'debug' | 'info' | 'warn' | 'error';
/** serve 診断エントリ（onDiagnostic opt-in 時のみ生成）。 */
export interface ServeDiagnostic {
    readonly level: ServeDiagnosticLevel;
    /** 安定した診断イベント識別子（'serve-started' / 'serve-stopped'）。 */
    readonly code: string;
    readonly message: string;
    /** epoch ms。 */
    readonly timestamp: number;
}
/** 診断ログ hook（opt-in・既定無出力）。 */
export type ServeDiagnosticHook = (entry: ServeDiagnostic) => void;
/** serve 時オプション（Experimental 0.x・内部 StartServerOptions の公開最小サブセット）。 */
export interface ServeOptions {
    /** listen ポート（既定 8787。0=OS 任せのランダムポート＝テスト）。 */
    readonly port?: number;
    /** listen ホスト（既定 '127.0.0.1'）。 */
    readonly host?: string;
    /** ドキュメント ID（既定 'demo-doc'）。 */
    readonly documentId?: string;
    /** 列順（既定 ['col-a','col-b','col-c']）。 */
    readonly columnOrder?: readonly string[];
    /** 初期グリッド行数（既定 5）。 */
    readonly seedRows?: number;
    /** 指定でファイル永続化（oplog＋snapshot）を有効化する。再起動で snapshot＋tail から復旧する。 */
    readonly persistenceDir?: string;
    /**
     * 診断ログ hook（opt-in・既定無出力・最小）。指定すると serve 起動/停止の診断エントリが配信される。
     * 未指定なら診断は生成されない。汎用テレメトリ基盤は Stage 2（接続単位の診断は現状 connectionCount() で代替）。
     */
    readonly onDiagnostic?: ServeDiagnosticHook;
}
/** serve が返すハンドル（consumer lifecycle 契約）。 */
export interface ServerInstance {
    readonly port: number;
    readonly url: string;
    readonly documentId: string;
    /** 現在の接続数（診断用）。 */
    connectionCount(): number;
    /** サーバーを停止し接続・永続化ハンドルを解放する。 */
    stop(): Promise<void>;
}
/** 公開 API バージョン（Experimental 0.x・ADR-0015）。 */
export declare const SERVER_HONO_API_VERSION: "0.1.0-experimental";
/** 同期サーバーを起動する（listening 後に解決＝port 0 対応で async）。 */
export declare function serve(options?: ServeOptions): Promise<ServerInstance>;
"
`;
