// Vitest Snapshot v1, https://vitest.dev/guide/snapshot.html

exports[`contract: Facade export surface snapshot > @nanairo-sheet/grid の公開 value surface 1`] = `
[
  "GRID_API_VERSION",
  "GRID_CONFLICT_CODES",
  "GRID_ERROR_CODES",
  "mount",
]
`;

exports[`contract: Facade export surface snapshot > @nanairo-sheet/server-hono の公開 value surface 1`] = `
[
  "SERVER_HONO_API_VERSION",
  "serve",
]
`;
